// Jest Snapshot v1, https://goo.gl/fbAQLP

exports[`<HeadPage /> should render a snapshot 1`] = `<div />`;
